Copyright 1986-2022 Xilinx, Inc. All Rights Reserved.
--------------------------------------------------------------------------------------------------------
| Tool Version : Vivado v.2022.1 (win64) Build 3526262 Mon Apr 18 15:48:16 MDT 2022
| Date         : Mon Sep 14 19:53:15 2026
| Command      : report_utilization -hierarchical -file build/hw/cnn/utilization_hierarchical_synth.rpt
| Design       : top_cnn
| Device       : xc7z020clg400-1
| Speed File   : -1
| Design State : Synthesized
--------------------------------------------------------------------------------------------------------

Utilization Design Information

Table of Contents
-----------------
1. Utilization by Hierarchy

1. Utilization by Hierarchy
---------------------------

+----------------------------------------------+-----------------------------------+------------+------------+---------+------+-------+--------+--------+------------+
|                   Instance                   |               Module              | Total LUTs | Logic LUTs | LUTRAMs | SRLs |  FFs  | RAMB36 | RAMB18 | DSP Blocks |
+----------------------------------------------+-----------------------------------+------------+------------+---------+------+-------+--------+--------+------------+
| top_cnn                                      |                             (top) |       8207 |       8207 |       0 |    0 | 11960 |     27 |      9 |        174 |
|   u_cnn_fsm                                  |                           cnn_fsm |       8207 |       8207 |       0 |    0 | 11960 |     16 |      8 |        174 |
|     (u_cnn_fsm)                              |                           cnn_fsm |        182 |        182 |       0 |    0 |   357 |      0 |      0 |          0 |
|     gen_classifier[0].u_maxpool_fc_argmax    |                 maxpool_fc_argmax |        606 |        606 |       0 |    0 |   601 |      0 |      0 |         10 |
|       u_argmax                               |                        argmax_235 |        118 |        118 |       0 |    0 |   244 |      0 |      0 |          0 |
|       u_fc_layer                             |                      fc_layer_236 |        435 |        435 |       0 |    0 |   331 |      0 |      0 |         10 |
|         (u_fc_layer)                         |                      fc_layer_236 |        155 |        155 |       0 |    0 |   331 |      0 |      0 |          0 |
|         u_mult0                              |                       mult8x8_238 |         28 |         28 |       0 |    0 |     0 |      0 |      0 |          1 |
|         u_mult1                              |                       mult8x8_239 |         28 |         28 |       0 |    0 |     0 |      0 |      0 |          1 |
|         u_mult2                              |                       mult8x8_240 |         28 |         28 |       0 |    0 |     0 |      0 |      0 |          1 |
|         u_mult3                              |                       mult8x8_241 |         28 |         28 |       0 |    0 |     0 |      0 |      0 |          1 |
|         u_mult4                              |                       mult8x8_242 |         28 |         28 |       0 |    0 |     0 |      0 |      0 |          1 |
|         u_mult5                              |                       mult8x8_243 |         28 |         28 |       0 |    0 |     0 |      0 |      0 |          1 |
|         u_mult6                              |                       mult8x8_244 |         28 |         28 |       0 |    0 |     0 |      0 |      0 |          1 |
|         u_mult7                              |                       mult8x8_245 |         28 |         28 |       0 |    0 |     0 |      0 |      0 |          1 |
|         u_mult8                              |                       mult8x8_246 |         28 |         28 |       0 |    0 |     0 |      0 |      0 |          1 |
|         u_mult9                              |                       mult8x8_247 |         28 |         28 |       0 |    0 |     0 |      0 |      0 |          1 |
|       u_maxpool                              |                       maxpool_237 |         53 |         53 |       0 |    0 |    26 |      0 |      0 |          0 |
|     gen_classifier[1].u_maxpool_fc_argmax    |               maxpool_fc_argmax_9 |        591 |        591 |       0 |    0 |   601 |      0 |      0 |         10 |
|       u_argmax                               |                        argmax_222 |        117 |        117 |       0 |    0 |   244 |      0 |      0 |          0 |
|       u_fc_layer                             |                      fc_layer_223 |        435 |        435 |       0 |    0 |   331 |      0 |      0 |         10 |
|         (u_fc_layer)                         |                      fc_layer_223 |        155 |        155 |       0 |    0 |   331 |      0 |      0 |          0 |
|         u_mult0                              |                       mult8x8_225 |         28 |         28 |       0 |    0 |     0 |      0 |      0 |          1 |
|         u_mult1                              |                       mult8x8_226 |         28 |         28 |       0 |    0 |     0 |      0 |      0 |          1 |
|         u_mult2                              |                       mult8x8_227 |         28 |         28 |       0 |    0 |     0 |      0 |      0 |          1 |
|         u_mult3                              |                       mult8x8_228 |         28 |         28 |       0 |    0 |     0 |      0 |      0 |          1 |
|         u_mult4                              |                       mult8x8_229 |         28 |         28 |       0 |    0 |     0 |      0 |      0 |          1 |
|         u_mult5                              |                       mult8x8_230 |         28 |         28 |       0 |    0 |     0 |      0 |      0 |          1 |
|         u_mult6                              |                       mult8x8_231 |         28 |         28 |       0 |    0 |     0 |      0 |      0 |          1 |
|         u_mult7                              |                       mult8x8_232 |         28 |         28 |       0 |    0 |     0 |      0 |      0 |          1 |
|         u_mult8                              |                       mult8x8_233 |         28 |         28 |       0 |    0 |     0 |      0 |      0 |          1 |
|         u_mult9                              |                       mult8x8_234 |         28 |         28 |       0 |    0 |     0 |      0 |      0 |          1 |
|       u_maxpool                              |                       maxpool_224 |         39 |         39 |       0 |    0 |    26 |      0 |      0 |          0 |
|     gen_classifier[2].u_maxpool_fc_argmax    |              maxpool_fc_argmax_10 |        592 |        592 |       0 |    0 |   601 |      0 |      0 |         10 |
|       u_argmax                               |                            argmax |        118 |        118 |       0 |    0 |   244 |      0 |      0 |          0 |
|       u_fc_layer                             |                          fc_layer |        435 |        435 |       0 |    0 |   331 |      0 |      0 |         10 |
|         (u_fc_layer)                         |                          fc_layer |        155 |        155 |       0 |    0 |   331 |      0 |      0 |          0 |
|         u_mult0                              |                       mult8x8_212 |         28 |         28 |       0 |    0 |     0 |      0 |      0 |          1 |
|         u_mult1                              |                       mult8x8_213 |         28 |         28 |       0 |    0 |     0 |      0 |      0 |          1 |
|         u_mult2                              |                       mult8x8_214 |         28 |         28 |       0 |    0 |     0 |      0 |      0 |          1 |
|         u_mult3                              |                       mult8x8_215 |         28 |         28 |       0 |    0 |     0 |      0 |      0 |          1 |
|         u_mult4                              |                       mult8x8_216 |         28 |         28 |       0 |    0 |     0 |      0 |      0 |          1 |
|         u_mult5                              |                       mult8x8_217 |         28 |         28 |       0 |    0 |     0 |      0 |      0 |          1 |
|         u_mult6                              |                       mult8x8_218 |         28 |         28 |       0 |    0 |     0 |      0 |      0 |          1 |
|         u_mult7                              |                       mult8x8_219 |         28 |         28 |       0 |    0 |     0 |      0 |      0 |          1 |
|         u_mult8                              |                       mult8x8_220 |         28 |         28 |       0 |    0 |     0 |      0 |      0 |          1 |
|         u_mult9                              |                       mult8x8_221 |         28 |         28 |       0 |    0 |     0 |      0 |      0 |          1 |
|       u_maxpool                              |                           maxpool |         39 |         39 |       0 |    0 |    26 |      0 |      0 |          0 |
|     gen_conv1_result[0].u_sram_conv1_result  |                 sram_conv1_result |          4 |          4 |       0 |    0 |     0 |      0 |      1 |          0 |
|     gen_conv1_result[1].u_sram_conv1_result  |              sram_conv1_result_11 |          4 |          4 |       0 |    0 |     0 |      0 |      1 |          0 |
|     gen_conv1_result[2].u_sram_conv1_result  |              sram_conv1_result_12 |          4 |          4 |       0 |    0 |     0 |      0 |      1 |          0 |
|     gen_conv1_result[3].u_sram_conv1_result  |              sram_conv1_result_13 |          4 |          4 |       0 |    0 |     0 |      0 |      1 |          0 |
|     gen_conv1_result[4].u_sram_conv1_result  |              sram_conv1_result_14 |          4 |          4 |       0 |    0 |     0 |      0 |      1 |          0 |
|     gen_conv1_result[5].u_sram_conv1_result  |              sram_conv1_result_15 |          4 |          4 |       0 |    0 |     0 |      0 |      1 |          0 |
|     gen_conv1_result[6].u_sram_conv1_result  |              sram_conv1_result_16 |          4 |          4 |       0 |    0 |     0 |      0 |      1 |          0 |
|     gen_conv1_result[7].u_sram_conv1_result  |              sram_conv1_result_17 |          4 |          4 |       0 |    0 |     0 |      0 |      1 |          0 |
|     gen_conv2_result[0].u_sram_conv2_result  |                 sram_conv2_result |         10 |         10 |       0 |    0 |     0 |      1 |      0 |          0 |
|     gen_conv2_result[10].u_sram_conv2_result |              sram_conv2_result_18 |         40 |         40 |       0 |    0 |     0 |      1 |      0 |          0 |
|     gen_conv2_result[11].u_sram_conv2_result |              sram_conv2_result_19 |         90 |         90 |       0 |    0 |     0 |      1 |      0 |          0 |
|     gen_conv2_result[12].u_sram_conv2_result |              sram_conv2_result_20 |         19 |         19 |       0 |    0 |     0 |      1 |      0 |          0 |
|     gen_conv2_result[13].u_sram_conv2_result |              sram_conv2_result_21 |         10 |         10 |       0 |    0 |     0 |      1 |      0 |          0 |
|     gen_conv2_result[14].u_sram_conv2_result |              sram_conv2_result_22 |         39 |         39 |       0 |    0 |     0 |      1 |      0 |          0 |
|     gen_conv2_result[15].u_sram_conv2_result |              sram_conv2_result_23 |         37 |         37 |       0 |    0 |     0 |      1 |      0 |          0 |
|     gen_conv2_result[1].u_sram_conv2_result  |              sram_conv2_result_24 |         49 |         49 |       0 |    0 |     0 |      1 |      0 |          0 |
|     gen_conv2_result[2].u_sram_conv2_result  |              sram_conv2_result_25 |         10 |         10 |       0 |    0 |     0 |      1 |      0 |          0 |
|     gen_conv2_result[3].u_sram_conv2_result  |              sram_conv2_result_26 |         43 |         43 |       0 |    0 |     0 |      1 |      0 |          0 |
|     gen_conv2_result[4].u_sram_conv2_result  |              sram_conv2_result_27 |         39 |         39 |       0 |    0 |     0 |      1 |      0 |          0 |
|     gen_conv2_result[5].u_sram_conv2_result  |              sram_conv2_result_28 |         32 |         32 |       0 |    0 |     0 |      1 |      0 |          0 |
|     gen_conv2_result[6].u_sram_conv2_result  |              sram_conv2_result_29 |         11 |         11 |       0 |    0 |     0 |      1 |      0 |          0 |
|     gen_conv2_result[7].u_sram_conv2_result  |              sram_conv2_result_30 |         41 |         41 |       0 |    0 |     0 |      1 |      0 |          0 |
|     gen_conv2_result[8].u_sram_conv2_result  |              sram_conv2_result_31 |         31 |         31 |       0 |    0 |     0 |      1 |      0 |          0 |
|     gen_conv2_result[9].u_sram_conv2_result  |              sram_conv2_result_32 |         31 |         31 |       0 |    0 |     0 |      1 |      0 |          0 |
|     u_conv1                                  |                       conv1_layer |       1761 |       1761 |       0 |    0 |  2832 |      0 |      0 |         72 |
|       (u_conv1)                              |                       conv1_layer |         20 |         20 |       0 |    0 |    25 |      0 |      0 |          0 |
|       gen_filter[0].u_filter                 |                 filter_window_125 |         13 |         13 |       0 |    0 |    76 |      0 |      0 |          0 |
|       gen_filter[0].u_math                   |                        conv1_math |        142 |        142 |       0 |    0 |   179 |      0 |      0 |          9 |
|         (gen_filter[0].u_math)               |                        conv1_math |        142 |        142 |       0 |    0 |   179 |      0 |      0 |          0 |
|         u_mult0                              |                       mult8x8_203 |          1 |          1 |       0 |    0 |     0 |      0 |      0 |          1 |
|         u_mult1                              |                       mult8x8_204 |          0 |          0 |       0 |    0 |     0 |      0 |      0 |          1 |
|         u_mult2                              |                       mult8x8_205 |          1 |          1 |       0 |    0 |     0 |      0 |      0 |          1 |
|         u_mult3                              |                       mult8x8_206 |          0 |          0 |       0 |    0 |     0 |      0 |      0 |          1 |
|         u_mult4                              |                       mult8x8_207 |          1 |          1 |       0 |    0 |     0 |      0 |      0 |          1 |
|         u_mult5                              |                       mult8x8_208 |          0 |          0 |       0 |    0 |     0 |      0 |      0 |          1 |
|         u_mult6                              |                       mult8x8_209 |          1 |          1 |       0 |    0 |     0 |      0 |      0 |          1 |
|         u_mult7                              |                       mult8x8_210 |          0 |          0 |       0 |    0 |     0 |      0 |      0 |          1 |
|         u_mult8                              |                       mult8x8_211 |          0 |          0 |       0 |    0 |     0 |      0 |      0 |          1 |
|       gen_filter[1].u_filter                 |                 filter_window_126 |         14 |         14 |       0 |    0 |    76 |      0 |      0 |          0 |
|       gen_filter[1].u_math                   |                    conv1_math_127 |        142 |        142 |       0 |    0 |   179 |      0 |      0 |          9 |
|         (gen_filter[1].u_math)               |                    conv1_math_127 |        142 |        142 |       0 |    0 |   179 |      0 |      0 |          0 |
|         u_mult0                              |                       mult8x8_194 |          1 |          1 |       0 |    0 |     0 |      0 |      0 |          1 |
|         u_mult1                              |                       mult8x8_195 |          0 |          0 |       0 |    0 |     0 |      0 |      0 |          1 |
|         u_mult2                              |                       mult8x8_196 |          1 |          1 |       0 |    0 |     0 |      0 |      0 |          1 |
|         u_mult3                              |                       mult8x8_197 |          0 |          0 |       0 |    0 |     0 |      0 |      0 |          1 |
|         u_mult4                              |                       mult8x8_198 |          1 |          1 |       0 |    0 |     0 |      0 |      0 |          1 |
|         u_mult5                              |                       mult8x8_199 |          0 |          0 |       0 |    0 |     0 |      0 |      0 |          1 |
|         u_mult6                              |                       mult8x8_200 |          1 |          1 |       0 |    0 |     0 |      0 |      0 |          1 |
|         u_mult7                              |                       mult8x8_201 |          0 |          0 |       0 |    0 |     0 |      0 |      0 |          1 |
|         u_mult8                              |                       mult8x8_202 |          0 |          0 |       0 |    0 |     0 |      0 |      0 |          1 |
|       gen_filter[2].u_filter                 |                 filter_window_128 |         13 |         13 |       0 |    0 |    76 |      0 |      0 |          0 |
|       gen_filter[2].u_math                   |                    conv1_math_129 |        142 |        142 |       0 |    0 |   179 |      0 |      0 |          9 |
|         (gen_filter[2].u_math)               |                    conv1_math_129 |        142 |        142 |       0 |    0 |   179 |      0 |      0 |          0 |
|         u_mult0                              |                       mult8x8_185 |          1 |          1 |       0 |    0 |     0 |      0 |      0 |          1 |
|         u_mult1                              |                       mult8x8_186 |          0 |          0 |       0 |    0 |     0 |      0 |      0 |          1 |
|         u_mult2                              |                       mult8x8_187 |          1 |          1 |       0 |    0 |     0 |      0 |      0 |          1 |
|         u_mult3                              |                       mult8x8_188 |          0 |          0 |       0 |    0 |     0 |      0 |      0 |          1 |
|         u_mult4                              |                       mult8x8_189 |          1 |          1 |       0 |    0 |     0 |      0 |      0 |          1 |
|         u_mult5                              |                       mult8x8_190 |          0 |          0 |       0 |    0 |     0 |      0 |      0 |          1 |
|         u_mult6                              |                       mult8x8_191 |          1 |          1 |       0 |    0 |     0 |      0 |      0 |          1 |
|         u_mult7                              |                       mult8x8_192 |          0 |          0 |       0 |    0 |     0 |      0 |      0 |          1 |
|         u_mult8                              |                       mult8x8_193 |          0 |          0 |       0 |    0 |     0 |      0 |      0 |          1 |
|       gen_filter[3].u_filter                 |                 filter_window_130 |         13 |         13 |       0 |    0 |    76 |      0 |      0 |          0 |
|       gen_filter[3].u_math                   |                    conv1_math_131 |        142 |        142 |       0 |    0 |   179 |      0 |      0 |          9 |
|         (gen_filter[3].u_math)               |                    conv1_math_131 |        142 |        142 |       0 |    0 |   179 |      0 |      0 |          0 |
|         u_mult0                              |                       mult8x8_176 |          1 |          1 |       0 |    0 |     0 |      0 |      0 |          1 |
|         u_mult1                              |                       mult8x8_177 |          0 |          0 |       0 |    0 |     0 |      0 |      0 |          1 |
|         u_mult2                              |                       mult8x8_178 |          1 |          1 |       0 |    0 |     0 |      0 |      0 |          1 |
|         u_mult3                              |                       mult8x8_179 |          0 |          0 |       0 |    0 |     0 |      0 |      0 |          1 |
|         u_mult4                              |                       mult8x8_180 |          1 |          1 |       0 |    0 |     0 |      0 |      0 |          1 |
|         u_mult5                              |                       mult8x8_181 |          0 |          0 |       0 |    0 |     0 |      0 |      0 |          1 |
|         u_mult6                              |                       mult8x8_182 |          1 |          1 |       0 |    0 |     0 |      0 |      0 |          1 |
|         u_mult7                              |                       mult8x8_183 |          0 |          0 |       0 |    0 |     0 |      0 |      0 |          1 |
|         u_mult8                              |                       mult8x8_184 |          0 |          0 |       0 |    0 |     0 |      0 |      0 |          1 |
|       gen_filter[4].u_filter                 |                 filter_window_132 |         15 |         15 |       0 |    0 |    76 |      0 |      0 |          0 |
|       gen_filter[4].u_math                   |                    conv1_math_133 |        142 |        142 |       0 |    0 |   179 |      0 |      0 |          9 |
|         (gen_filter[4].u_math)               |                    conv1_math_133 |        142 |        142 |       0 |    0 |   179 |      0 |      0 |          0 |
|         u_mult0                              |                       mult8x8_167 |          1 |          1 |       0 |    0 |     0 |      0 |      0 |          1 |
|         u_mult1                              |                       mult8x8_168 |          0 |          0 |       0 |    0 |     0 |      0 |      0 |          1 |
|         u_mult2                              |                       mult8x8_169 |          1 |          1 |       0 |    0 |     0 |      0 |      0 |          1 |
|         u_mult3                              |                       mult8x8_170 |          0 |          0 |       0 |    0 |     0 |      0 |      0 |          1 |
|         u_mult4                              |                       mult8x8_171 |          1 |          1 |       0 |    0 |     0 |      0 |      0 |          1 |
|         u_mult5                              |                       mult8x8_172 |          0 |          0 |       0 |    0 |     0 |      0 |      0 |          1 |
|         u_mult6                              |                       mult8x8_173 |          1 |          1 |       0 |    0 |     0 |      0 |      0 |          1 |
|         u_mult7                              |                       mult8x8_174 |          0 |          0 |       0 |    0 |     0 |      0 |      0 |          1 |
|         u_mult8                              |                       mult8x8_175 |          0 |          0 |       0 |    0 |     0 |      0 |      0 |          1 |
|       gen_filter[5].u_filter                 |                 filter_window_134 |         14 |         14 |       0 |    0 |    76 |      0 |      0 |          0 |
|       gen_filter[5].u_math                   |                    conv1_math_135 |        142 |        142 |       0 |    0 |   179 |      0 |      0 |          9 |
|         (gen_filter[5].u_math)               |                    conv1_math_135 |        142 |        142 |       0 |    0 |   179 |      0 |      0 |          0 |
|         u_mult0                              |                       mult8x8_158 |          1 |          1 |       0 |    0 |     0 |      0 |      0 |          1 |
|         u_mult1                              |                       mult8x8_159 |          0 |          0 |       0 |    0 |     0 |      0 |      0 |          1 |
|         u_mult2                              |                       mult8x8_160 |          1 |          1 |       0 |    0 |     0 |      0 |      0 |          1 |
|         u_mult3                              |                       mult8x8_161 |          0 |          0 |       0 |    0 |     0 |      0 |      0 |          1 |
|         u_mult4                              |                       mult8x8_162 |          1 |          1 |       0 |    0 |     0 |      0 |      0 |          1 |
|         u_mult5                              |                       mult8x8_163 |          0 |          0 |       0 |    0 |     0 |      0 |      0 |          1 |
|         u_mult6                              |                       mult8x8_164 |          1 |          1 |       0 |    0 |     0 |      0 |      0 |          1 |
|         u_mult7                              |                       mult8x8_165 |          0 |          0 |       0 |    0 |     0 |      0 |      0 |          1 |
|         u_mult8                              |                       mult8x8_166 |          0 |          0 |       0 |    0 |     0 |      0 |      0 |          1 |
|       gen_filter[6].u_filter                 |                 filter_window_136 |         14 |         14 |       0 |    0 |    76 |      0 |      0 |          0 |
|       gen_filter[6].u_math                   |                    conv1_math_137 |        142 |        142 |       0 |    0 |   179 |      0 |      0 |          9 |
|         (gen_filter[6].u_math)               |                    conv1_math_137 |        142 |        142 |       0 |    0 |   179 |      0 |      0 |          0 |
|         u_mult0                              |                       mult8x8_149 |          1 |          1 |       0 |    0 |     0 |      0 |      0 |          1 |
|         u_mult1                              |                       mult8x8_150 |          0 |          0 |       0 |    0 |     0 |      0 |      0 |          1 |
|         u_mult2                              |                       mult8x8_151 |          1 |          1 |       0 |    0 |     0 |      0 |      0 |          1 |
|         u_mult3                              |                       mult8x8_152 |          0 |          0 |       0 |    0 |     0 |      0 |      0 |          1 |
|         u_mult4                              |                       mult8x8_153 |          1 |          1 |       0 |    0 |     0 |      0 |      0 |          1 |
|         u_mult5                              |                       mult8x8_154 |          0 |          0 |       0 |    0 |     0 |      0 |      0 |          1 |
|         u_mult6                              |                       mult8x8_155 |          1 |          1 |       0 |    0 |     0 |      0 |      0 |          1 |
|         u_mult7                              |                       mult8x8_156 |          0 |          0 |       0 |    0 |     0 |      0 |      0 |          1 |
|         u_mult8                              |                       mult8x8_157 |          0 |          0 |       0 |    0 |     0 |      0 |      0 |          1 |
|       gen_filter[7].u_filter                 |                 filter_window_138 |         13 |         13 |       0 |    0 |    76 |      0 |      0 |          0 |
|       gen_filter[7].u_math                   |                    conv1_math_139 |        142 |        142 |       0 |    0 |   179 |      0 |      0 |          9 |
|         (gen_filter[7].u_math)               |                    conv1_math_139 |        142 |        142 |       0 |    0 |   179 |      0 |      0 |          0 |
|         u_mult0                              |                       mult8x8_140 |          1 |          1 |       0 |    0 |     0 |      0 |      0 |          1 |
|         u_mult1                              |                       mult8x8_141 |          0 |          0 |       0 |    0 |     0 |      0 |      0 |          1 |
|         u_mult2                              |                       mult8x8_142 |          1 |          1 |       0 |    0 |     0 |      0 |      0 |          1 |
|         u_mult3                              |                       mult8x8_143 |          0 |          0 |       0 |    0 |     0 |      0 |      0 |          1 |
|         u_mult4                              |                       mult8x8_144 |          1 |          1 |       0 |    0 |     0 |      0 |      0 |          1 |
|         u_mult5                              |                       mult8x8_145 |          0 |          0 |       0 |    0 |     0 |      0 |      0 |          1 |
|         u_mult6                              |                       mult8x8_146 |          1 |          1 |       0 |    0 |     0 |      0 |      0 |          1 |
|         u_mult7                              |                       mult8x8_147 |          0 |          0 |       0 |    0 |     0 |      0 |      0 |          1 |
|         u_mult8                              |                       mult8x8_148 |          0 |          0 |       0 |    0 |     0 |      0 |      0 |          1 |
|       u_slide                                |                    conv_slide_reg |        496 |        496 |       0 |    0 |   767 |      0 |      0 |          0 |
|     u_conv2                                  |                       conv2_layer |       3911 |       3911 |       0 |    0 |  6968 |      0 |      0 |         72 |
|       (u_conv2)                              |                       conv2_layer |        331 |        331 |       0 |    0 |   296 |      0 |      0 |          0 |
|       gen_channel[0].u_math                  |                        conv2_math |        136 |        136 |       0 |    0 |   191 |      0 |      0 |          9 |
|         (gen_channel[0].u_math)              |                        conv2_math |        136 |        136 |       0 |    0 |   191 |      0 |      0 |          0 |
|         u_mult0                              |                       mult8x8_116 |          1 |          1 |       0 |    0 |     0 |      0 |      0 |          1 |
|         u_mult1                              |                       mult8x8_117 |          0 |          0 |       0 |    0 |     0 |      0 |      0 |          1 |
|         u_mult2                              |                       mult8x8_118 |          1 |          1 |       0 |    0 |     0 |      0 |      0 |          1 |
|         u_mult3                              |                       mult8x8_119 |          0 |          0 |       0 |    0 |     0 |      0 |      0 |          1 |
|         u_mult4                              |                       mult8x8_120 |          1 |          1 |       0 |    0 |     0 |      0 |      0 |          1 |
|         u_mult5                              |                       mult8x8_121 |          0 |          0 |       0 |    0 |     0 |      0 |      0 |          1 |
|         u_mult6                              |                       mult8x8_122 |          1 |          1 |       0 |    0 |     0 |      0 |      0 |          1 |
|         u_mult7                              |                       mult8x8_123 |          0 |          0 |       0 |    0 |     0 |      0 |      0 |          1 |
|         u_mult8                              |                       mult8x8_124 |          0 |          0 |       0 |    0 |     0 |      0 |      0 |          1 |
|       gen_channel[0].u_slide                 |    conv_slide_reg__parameterized0 |        297 |        297 |       0 |    0 |   567 |      0 |      0 |          0 |
|       gen_channel[1].u_math                  |                     conv2_math_33 |        135 |        135 |       0 |    0 |   191 |      0 |      0 |          9 |
|         (gen_channel[1].u_math)              |                     conv2_math_33 |        135 |        135 |       0 |    0 |   191 |      0 |      0 |          0 |
|         u_mult0                              |                       mult8x8_107 |          1 |          1 |       0 |    0 |     0 |      0 |      0 |          1 |
|         u_mult1                              |                       mult8x8_108 |          0 |          0 |       0 |    0 |     0 |      0 |      0 |          1 |
|         u_mult2                              |                       mult8x8_109 |          1 |          1 |       0 |    0 |     0 |      0 |      0 |          1 |
|         u_mult3                              |                       mult8x8_110 |          0 |          0 |       0 |    0 |     0 |      0 |      0 |          1 |
|         u_mult4                              |                       mult8x8_111 |          1 |          1 |       0 |    0 |     0 |      0 |      0 |          1 |
|         u_mult5                              |                       mult8x8_112 |          0 |          0 |       0 |    0 |     0 |      0 |      0 |          1 |
|         u_mult6                              |                       mult8x8_113 |          1 |          1 |       0 |    0 |     0 |      0 |      0 |          1 |
|         u_mult7                              |                       mult8x8_114 |          0 |          0 |       0 |    0 |     0 |      0 |      0 |          1 |
|         u_mult8                              |                       mult8x8_115 |          0 |          0 |       0 |    0 |     0 |      0 |      0 |          1 |
|       gen_channel[1].u_slide                 | conv_slide_reg__parameterized0_34 |        297 |        297 |       0 |    0 |   567 |      0 |      0 |          0 |
|       gen_channel[2].u_math                  |                     conv2_math_35 |        136 |        136 |       0 |    0 |   191 |      0 |      0 |          9 |
|         (gen_channel[2].u_math)              |                     conv2_math_35 |        136 |        136 |       0 |    0 |   191 |      0 |      0 |          0 |
|         u_mult0                              |                        mult8x8_98 |          1 |          1 |       0 |    0 |     0 |      0 |      0 |          1 |
|         u_mult1                              |                        mult8x8_99 |          0 |          0 |       0 |    0 |     0 |      0 |      0 |          1 |
|         u_mult2                              |                       mult8x8_100 |          1 |          1 |       0 |    0 |     0 |      0 |      0 |          1 |
|         u_mult3                              |                       mult8x8_101 |          0 |          0 |       0 |    0 |     0 |      0 |      0 |          1 |
|         u_mult4                              |                       mult8x8_102 |          1 |          1 |       0 |    0 |     0 |      0 |      0 |          1 |
|         u_mult5                              |                       mult8x8_103 |          0 |          0 |       0 |    0 |     0 |      0 |      0 |          1 |
|         u_mult6                              |                       mult8x8_104 |          1 |          1 |       0 |    0 |     0 |      0 |      0 |          1 |
|         u_mult7                              |                       mult8x8_105 |          0 |          0 |       0 |    0 |     0 |      0 |      0 |          1 |
|         u_mult8                              |                       mult8x8_106 |          0 |          0 |       0 |    0 |     0 |      0 |      0 |          1 |
|       gen_channel[2].u_slide                 | conv_slide_reg__parameterized0_36 |        297 |        297 |       0 |    0 |   567 |      0 |      0 |          0 |
|       gen_channel[3].u_math                  |                     conv2_math_37 |        135 |        135 |       0 |    0 |   191 |      0 |      0 |          9 |
|         (gen_channel[3].u_math)              |                     conv2_math_37 |        135 |        135 |       0 |    0 |   191 |      0 |      0 |          0 |
|         u_mult0                              |                        mult8x8_89 |          1 |          1 |       0 |    0 |     0 |      0 |      0 |          1 |
|         u_mult1                              |                        mult8x8_90 |          0 |          0 |       0 |    0 |     0 |      0 |      0 |          1 |
|         u_mult2                              |                        mult8x8_91 |          1 |          1 |       0 |    0 |     0 |      0 |      0 |          1 |
|         u_mult3                              |                        mult8x8_92 |          0 |          0 |       0 |    0 |     0 |      0 |      0 |          1 |
|         u_mult4                              |                        mult8x8_93 |          1 |          1 |       0 |    0 |     0 |      0 |      0 |          1 |
|         u_mult5                              |                        mult8x8_94 |          0 |          0 |       0 |    0 |     0 |      0 |      0 |          1 |
|         u_mult6                              |                        mult8x8_95 |          1 |          1 |       0 |    0 |     0 |      0 |      0 |          1 |
|         u_mult7                              |                        mult8x8_96 |          0 |          0 |       0 |    0 |     0 |      0 |      0 |          1 |
|         u_mult8                              |                        mult8x8_97 |          0 |          0 |       0 |    0 |     0 |      0 |      0 |          1 |
|       gen_channel[3].u_slide                 | conv_slide_reg__parameterized0_38 |        297 |        297 |       0 |    0 |   567 |      0 |      0 |          0 |
|       gen_channel[4].u_math                  |                     conv2_math_39 |        136 |        136 |       0 |    0 |   191 |      0 |      0 |          9 |
|         (gen_channel[4].u_math)              |                     conv2_math_39 |        136 |        136 |       0 |    0 |   191 |      0 |      0 |          0 |
|         u_mult0                              |                        mult8x8_80 |          1 |          1 |       0 |    0 |     0 |      0 |      0 |          1 |
|         u_mult1                              |                        mult8x8_81 |          0 |          0 |       0 |    0 |     0 |      0 |      0 |          1 |
|         u_mult2                              |                        mult8x8_82 |          1 |          1 |       0 |    0 |     0 |      0 |      0 |          1 |
|         u_mult3                              |                        mult8x8_83 |          0 |          0 |       0 |    0 |     0 |      0 |      0 |          1 |
|         u_mult4                              |                        mult8x8_84 |          1 |          1 |       0 |    0 |     0 |      0 |      0 |          1 |
|         u_mult5                              |                        mult8x8_85 |          0 |          0 |       0 |    0 |     0 |      0 |      0 |          1 |
|         u_mult6                              |                        mult8x8_86 |          1 |          1 |       0 |    0 |     0 |      0 |      0 |          1 |
|         u_mult7                              |                        mult8x8_87 |          0 |          0 |       0 |    0 |     0 |      0 |      0 |          1 |
|         u_mult8                              |                        mult8x8_88 |          0 |          0 |       0 |    0 |     0 |      0 |      0 |          1 |
|       gen_channel[4].u_slide                 | conv_slide_reg__parameterized0_40 |        297 |        297 |       0 |    0 |   567 |      0 |      0 |          0 |
|       gen_channel[5].u_math                  |                     conv2_math_41 |        135 |        135 |       0 |    0 |   191 |      0 |      0 |          9 |
|         (gen_channel[5].u_math)              |                     conv2_math_41 |        135 |        135 |       0 |    0 |   191 |      0 |      0 |          0 |
|         u_mult0                              |                        mult8x8_71 |          1 |          1 |       0 |    0 |     0 |      0 |      0 |          1 |
|         u_mult1                              |                        mult8x8_72 |          0 |          0 |       0 |    0 |     0 |      0 |      0 |          1 |
|         u_mult2                              |                        mult8x8_73 |          1 |          1 |       0 |    0 |     0 |      0 |      0 |          1 |
|         u_mult3                              |                        mult8x8_74 |          0 |          0 |       0 |    0 |     0 |      0 |      0 |          1 |
|         u_mult4                              |                        mult8x8_75 |          1 |          1 |       0 |    0 |     0 |      0 |      0 |          1 |
|         u_mult5                              |                        mult8x8_76 |          0 |          0 |       0 |    0 |     0 |      0 |      0 |          1 |
|         u_mult6                              |                        mult8x8_77 |          1 |          1 |       0 |    0 |     0 |      0 |      0 |          1 |
|         u_mult7                              |                        mult8x8_78 |          0 |          0 |       0 |    0 |     0 |      0 |      0 |          1 |
|         u_mult8                              |                        mult8x8_79 |          0 |          0 |       0 |    0 |     0 |      0 |      0 |          1 |
|       gen_channel[5].u_slide                 | conv_slide_reg__parameterized0_42 |        308 |        308 |       0 |    0 |   567 |      0 |      0 |          0 |
|       gen_channel[6].u_math                  |                     conv2_math_43 |        136 |        136 |       0 |    0 |   191 |      0 |      0 |          9 |
|         (gen_channel[6].u_math)              |                     conv2_math_43 |        136 |        136 |       0 |    0 |   191 |      0 |      0 |          0 |
|         u_mult0                              |                        mult8x8_62 |          1 |          1 |       0 |    0 |     0 |      0 |      0 |          1 |
|         u_mult1                              |                        mult8x8_63 |          0 |          0 |       0 |    0 |     0 |      0 |      0 |          1 |
|         u_mult2                              |                        mult8x8_64 |          1 |          1 |       0 |    0 |     0 |      0 |      0 |          1 |
|         u_mult3                              |                        mult8x8_65 |          0 |          0 |       0 |    0 |     0 |      0 |      0 |          1 |
|         u_mult4                              |                        mult8x8_66 |          1 |          1 |       0 |    0 |     0 |      0 |      0 |          1 |
|         u_mult5                              |                        mult8x8_67 |          0 |          0 |       0 |    0 |     0 |      0 |      0 |          1 |
|         u_mult6                              |                        mult8x8_68 |          1 |          1 |       0 |    0 |     0 |      0 |      0 |          1 |
|         u_mult7                              |                        mult8x8_69 |          0 |          0 |       0 |    0 |     0 |      0 |      0 |          1 |
|         u_mult8                              |                        mult8x8_70 |          0 |          0 |       0 |    0 |     0 |      0 |      0 |          1 |
|       gen_channel[6].u_slide                 | conv_slide_reg__parameterized0_44 |        297 |        297 |       0 |    0 |   567 |      0 |      0 |          0 |
|       gen_channel[7].u_math                  |                     conv2_math_45 |        135 |        135 |       0 |    0 |   191 |      0 |      0 |          9 |
|         (gen_channel[7].u_math)              |                     conv2_math_45 |        135 |        135 |       0 |    0 |   191 |      0 |      0 |          0 |
|         u_mult0                              |                           mult8x8 |          1 |          1 |       0 |    0 |     0 |      0 |      0 |          1 |
|         u_mult1                              |                        mult8x8_54 |          0 |          0 |       0 |    0 |     0 |      0 |      0 |          1 |
|         u_mult2                              |                        mult8x8_55 |          1 |          1 |       0 |    0 |     0 |      0 |      0 |          1 |
|         u_mult3                              |                        mult8x8_56 |          0 |          0 |       0 |    0 |     0 |      0 |      0 |          1 |
|         u_mult4                              |                        mult8x8_57 |          1 |          1 |       0 |    0 |     0 |      0 |      0 |          1 |
|         u_mult5                              |                        mult8x8_58 |          0 |          0 |       0 |    0 |     0 |      0 |      0 |          1 |
|         u_mult6                              |                        mult8x8_59 |          1 |          1 |       0 |    0 |     0 |      0 |      0 |          1 |
|         u_mult7                              |                        mult8x8_60 |          0 |          0 |       0 |    0 |     0 |      0 |      0 |          1 |
|         u_mult8                              |                        mult8x8_61 |          0 |          0 |       0 |    0 |     0 |      0 |      0 |          1 |
|       gen_channel[7].u_slide                 | conv_slide_reg__parameterized0_46 |        298 |        298 |       0 |    0 |   567 |      0 |      0 |          0 |
|       gen_filter[0].u_filter                 |                     filter_window |         14 |         14 |       0 |    0 |    76 |      0 |      0 |          0 |
|       gen_filter[1].u_filter                 |                  filter_window_47 |         14 |         14 |       0 |    0 |    76 |      0 |      0 |          0 |
|       gen_filter[2].u_filter                 |                  filter_window_48 |         14 |         14 |       0 |    0 |    76 |      0 |      0 |          0 |
|       gen_filter[3].u_filter                 |                  filter_window_49 |         14 |         14 |       0 |    0 |    76 |      0 |      0 |          0 |
|       gen_filter[4].u_filter                 |                  filter_window_50 |         14 |         14 |       0 |    0 |    76 |      0 |      0 |          0 |
|       gen_filter[5].u_filter                 |                  filter_window_51 |         14 |         14 |       0 |    0 |    76 |      0 |      0 |          0 |
|       gen_filter[6].u_filter                 |                  filter_window_52 |         14 |         14 |       0 |    0 |    76 |      0 |      0 |          0 |
|       gen_filter[7].u_filter                 |                  filter_window_53 |         14 |         14 |       0 |    0 |    76 |      0 |      0 |          0 |
|   u_sram_conv_weight                         |                  sram_conv_weight |          0 |          0 |       0 |    0 |     0 |      0 |      1 |          0 |
|   u_sram_fc_weight0                          |                    sram_fc_weight |          0 |          0 |       0 |    0 |     0 |      1 |      0 |          0 |
|   u_sram_fc_weight1                          |                  sram_fc_weight_0 |          0 |          0 |       0 |    0 |     0 |      1 |      0 |          0 |
|   u_sram_fc_weight2                          |                  sram_fc_weight_1 |          0 |          0 |       0 |    0 |     0 |      1 |      0 |          0 |
|   u_sram_fc_weight3                          |                  sram_fc_weight_2 |          0 |          0 |       0 |    0 |     0 |      1 |      0 |          0 |
|   u_sram_fc_weight4                          |                  sram_fc_weight_3 |          0 |          0 |       0 |    0 |     0 |      1 |      0 |          0 |
|   u_sram_fc_weight5                          |                  sram_fc_weight_4 |          0 |          0 |       0 |    0 |     0 |      1 |      0 |          0 |
|   u_sram_fc_weight6                          |                  sram_fc_weight_5 |          0 |          0 |       0 |    0 |     0 |      1 |      0 |          0 |
|   u_sram_fc_weight7                          |                  sram_fc_weight_6 |          0 |          0 |       0 |    0 |     0 |      1 |      0 |          0 |
|   u_sram_fc_weight8                          |                  sram_fc_weight_7 |          0 |          0 |       0 |    0 |     0 |      1 |      0 |          0 |
|   u_sram_fc_weight9                          |                  sram_fc_weight_8 |          0 |          0 |       0 |    0 |     0 |      1 |      0 |          0 |
|   u_sram_input                               |                        sram_input |          0 |          0 |       0 |    0 |     0 |      1 |      0 |          0 |
+----------------------------------------------+-----------------------------------+------------+------------+---------+------+-------+--------+--------+------------+


